[US]   3000 行 <- US.csv
[去重] 619 个唯一机构; 缓存命中 3, 需调 API 616 个
    [API] URLError: <urlopen error [SSL: UNEXPECTED_EOF_WHILE_READING] EOF occurred in violation of protocol (_ssl.c:1077)>; 1.0s 后重试(1/5)
    ...已处理 50/619
    ...已处理 100/619
    ...已处理 150/619
    ...已处理 200/619
    [API] URLError: <urlopen error [SSL: UNEXPECTED_EOF_WHILE_READING] EOF occurred in violation of protocol (_ssl.c:1077)>; 1.0s 后重试(1/5)
    [API] URLError: <urlopen error [SSL: UNEXPECTED_EOF_WHILE_READING] EOF occurred in violation of protocol (_ssl.c:1077)>; 1.0s 后重试(1/5)
    ...已处理 250/619
    ...已处理 300/619
    [API] URLError: <urlopen error [SSL: UNEXPECTED_EOF_WHILE_READING] EOF occurred in violation of protocol (_ssl.c:1077)>; 1.0s 后重试(1/5)
    [API] URLError: <urlopen error [SSL: UNEXPECTED_EOF_WHILE_READING] EOF occurred in violation of protocol (_ssl.c:1077)>; 1.5s 后重试(2/5)
    ...已处理 350/619
    ...已处理 400/619
    ...已处理 450/619
    [API] URLError: <urlopen error [SSL: UNEXPECTED_EOF_WHILE_READING] EOF occurred in violation of protocol (_ssl.c:1077)>; 1.0s 后重试(1/5)
    ...已处理 500/619
    ...已处理 550/619
    [API] URLError: <urlopen error [SSL: UNEXPECTED_EOF_WHILE_READING] EOF occurred in violation of protocol (_ssl.c:1077)>; 1.0s 后重试(1/5)
    [API] URLError: <urlopen error [SSL: UNEXPECTED_EOF_WHILE_READING] EOF occurred in violation of protocol (_ssl.c:1077)>; 1.5s 后重试(2/5)
    ...已处理 600/619
    [API] URLError: <urlopen error [SSL: UNEXPECTED_EOF_WHILE_READING] EOF occurred in violation of protocol (_ssl.c:1077)>; 1.0s 后重试(1/5)
[完成] 解析成功 2606/3000 (86.9%)
       分档: {'exact': 2316, 'none': 394, 'fuzzy': 164, 'weak': 126}
       -> us_host_ids_bridge.csv (row_id,host_openalex_id)
       -> us_host_ids_resolved.csv (weak/none/pending 建议人工复核)
